{
    "-profile test_alphafold2_download": {
        "content": [
            21,
            {
                "ARIA2": {
                    "aria2": null
                },
                "ARIA2_PDB_SEQRES": {
                    "aria2": null
                },
                "COMBINE_UNIPROT": {
                    "awk": null
                },
                "DOWNLOAD_PDBMMCIF": {
                    "awk": null
                },
                "Workflow": {
                    "nf-core/proteinfold": "v1.2.0dev"
                }
            },
            [
                "DBs",
                "DBs/alphafold2",
                "DBs/alphafold2/standard",
                "DBs/alphafold2/standard/UniRef30_2023_02_hhsuite",
                "DBs/alphafold2/standard/alphafold_params_2022-12-06",
                "DBs/alphafold2/standard/bfd-first_non_consensus_sequences.fasta",
                "DBs/alphafold2/standard/mgy_clusters.fa",
                "DBs/alphafold2/standard/mmcif_files",
                "DBs/alphafold2/standard/obsolete.dat",
                "DBs/alphafold2/standard/pdb70_from_mmcif_220313",
                "DBs/alphafold2/standard/pdb_seqres.txt",
                "DBs/alphafold2/standard/uniprot.fasta",
                "DBs/alphafold2/standard/uniprot_sprot.fasta",
                "DBs/alphafold2/standard/uniprot_trembl.fasta",
                "DBs/alphafold2/standard/uniref90.fasta",
                "multiqc",
                "multiqc/alphafold2_multiqc_data",
                "multiqc/alphafold2_multiqc_plots",
                "multiqc/alphafold2_multiqc_report.html",
                "pipeline_info",
                "pipeline_info/nf_core_proteinfold_software_mqc_versions.yml"
            ],
            [
                [
                    "file.txt:md5,d41d8cd98f00b204e9800998ecf8427e"
                ],
                [
                    "file.txt:md5,d41d8cd98f00b204e9800998ecf8427e"
                ],
                "bfd-first_non_consensus_sequences.fasta:md5,d41d8cd98f00b204e9800998ecf8427e",
                "mgy_clusters.fa:md5,d41d8cd98f00b204e9800998ecf8427e",
                [
                    
                ],
                "obsolete.dat:md5,d41d8cd98f00b204e9800998ecf8427e",
                [
                    "file.txt:md5,d41d8cd98f00b204e9800998ecf8427e"
                ],
                "pdb_seqres.txt:md5,d41d8cd98f00b204e9800998ecf8427e",
                "uniprot.fasta:md5,d41d8cd98f00b204e9800998ecf8427e",
                "uniprot_sprot.fasta:md5,d41d8cd98f00b204e9800998ecf8427e",
                "uniprot_trembl.fasta:md5,d41d8cd98f00b204e9800998ecf8427e",
                "uniref90.fasta:md5,d41d8cd98f00b204e9800998ecf8427e",
                "alphafold2_multiqc_report.html:md5,d41d8cd98f00b204e9800998ecf8427e"
            ]
        ],
        "meta": {
            "nf-test": "0.9.2",
            "nextflow": "25.04.6"
        },
        "timestamp": "2025-08-05T11:15:15.449397416"
    }
}