{
    "-profile test_alphafold3_download": {
        "content": [
            28,
            {
                "NFCORE_PROTEINFOLD:POST_PROCESSING:GENERATE_REPORT:generate_report.py": "3.12.7",
                "NFCORE_PROTEINFOLD:POST_PROCESSING:GENERATE_REPORT:python": "3.12.7",
                "NFCORE_PROTEINFOLD:PREPARE_ALPHAFOLD3_DBS:ARIA2_MGNIFY:ZSTD_DECOMPRESS:zstd": "v1.5.6",
                "NFCORE_PROTEINFOLD:PREPARE_ALPHAFOLD3_DBS:ARIA2_NT_RNA_2023_02_23:ZSTD_DECOMPRESS:zstd": "v1.5.6",
                "NFCORE_PROTEINFOLD:PREPARE_ALPHAFOLD3_DBS:ARIA2_PDB_SEQRES:ZSTD_DECOMPRESS:zstd": "v1.5.6",
                "NFCORE_PROTEINFOLD:PREPARE_ALPHAFOLD3_DBS:ARIA2_RFAM:ZSTD_DECOMPRESS:zstd": "v1.5.6",
                "NFCORE_PROTEINFOLD:PREPARE_ALPHAFOLD3_DBS:ARIA2_RNACENTRAL_ACTIVE_SEQ:ZSTD_DECOMPRESS:zstd": "v1.5.6",
                "NFCORE_PROTEINFOLD:PREPARE_ALPHAFOLD3_DBS:ARIA2_SMALL_BFD:ZSTD_DECOMPRESS:zstd": "v1.5.6",
                "NFCORE_PROTEINFOLD:PREPARE_ALPHAFOLD3_DBS:ARIA2_UNIPROT:ZSTD_DECOMPRESS:zstd": "v1.5.6",
                "NFCORE_PROTEINFOLD:PREPARE_ALPHAFOLD3_DBS:ARIA2_UNIREF90:ZSTD_DECOMPRESS:zstd": "v1.5.6"
            },
            [
                "DBs",
                "DBs/alphafold3",
                "DBs/alphafold3/mgnify",
                "DBs/alphafold3/mgnify/mgy_clusters_2022_05.fa",
                "DBs/alphafold3/nt_rna",
                "DBs/alphafold3/nt_rna/nt_rna_2023_02_23_clust_seq_id_90_cov_80_rep_seq.fasta",
                "DBs/alphafold3/pdb_mmcif",
                "DBs/alphafold3/pdb_mmcif/mmcif_files.tar",
                "DBs/alphafold3/pdb_seqres",
                "DBs/alphafold3/pdb_seqres/pdb_seqres_2022_09_28.fasta",
                "DBs/alphafold3/rfam",
                "DBs/alphafold3/rfam/rfam_14_9_clust_seq_id_90_cov_80_rep_seq.fasta",
                "DBs/alphafold3/rnacentral",
                "DBs/alphafold3/rnacentral/rnacentral_active_seq_id_90_cov_80_linclust.fasta",
                "DBs/alphafold3/small_bfd",
                "DBs/alphafold3/small_bfd/bfd-first_non_consensus_sequences.fasta",
                "DBs/alphafold3/uniprot",
                "DBs/alphafold3/uniprot/uniprot_all_2021_04.fa",
                "DBs/alphafold3/uniref90",
                "DBs/alphafold3/uniref90/uniref90_2022_05.fa",
                "alphafold3",
                "alphafold3/T1024",
                "alphafold3/T1024/T1024_alphafold3_msa.tsv",
                "alphafold3/T1024/T1024_chainwise_ipsae.tsv",
                "alphafold3/T1024/T1024_chainwise_iptm.tsv",
                "alphafold3/T1024/T1024_data.json",
                "alphafold3/T1024/T1024_ipsae.tsv",
                "alphafold3/T1024/T1024_iptm.tsv",
                "alphafold3/T1024/T1024_plddt.tsv",
                "alphafold3/T1024/T1024_ptm.tsv",
                "alphafold3/T1024/paes",
                "alphafold3/T1024/paes/T1024_0_pae.tsv",
                "alphafold3/T1026",
                "alphafold3/T1026/T1026_alphafold3_msa.tsv",
                "alphafold3/T1026/T1026_chainwise_ipsae.tsv",
                "alphafold3/T1026/T1026_chainwise_iptm.tsv",
                "alphafold3/T1026/T1026_data.json",
                "alphafold3/T1026/T1026_ipsae.tsv",
                "alphafold3/T1026/T1026_iptm.tsv",
                "alphafold3/T1026/T1026_plddt.tsv",
                "alphafold3/T1026/T1026_ptm.tsv",
                "alphafold3/T1026/paes",
                "alphafold3/T1026/paes/T1026_0_pae.tsv",
                "alphafold3/top_ranked_structures",
                "alphafold3/top_ranked_structures/T1024.cif",
                "alphafold3/top_ranked_structures/T1026.cif",
                "download",
                "download/mmcif_files",
                "download/mmcif_files/stub.cif",
                "fasta",
                "fasta/T1024.json",
                "fasta/T1026.json",
                "multiqc",
                "multiqc/multiqc_data",
                "multiqc/multiqc_data/.stub",
                "multiqc/multiqc_plots",
                "multiqc/multiqc_plots/.stub",
                "multiqc/multiqc_report.html",
                "pipeline_info",
                "pipeline_info/nf_core_proteinfold_software_mqc_versions.yml",
                "reports",
                "reports/T1024_alphafold3_report.html",
                "reports/T1026_alphafold3_report.html"
            ],
            [
                "mgy_clusters_2022_05.fa:md5,d41d8cd98f00b204e9800998ecf8427e",
                "nt_rna_2023_02_23_clust_seq_id_90_cov_80_rep_seq.fasta:md5,d41d8cd98f00b204e9800998ecf8427e",
                [
                    "file.txt:md5,d41d8cd98f00b204e9800998ecf8427e"
                ],
                "pdb_seqres_2022_09_28.fasta:md5,d41d8cd98f00b204e9800998ecf8427e",
                "rfam_14_9_clust_seq_id_90_cov_80_rep_seq.fasta:md5,d41d8cd98f00b204e9800998ecf8427e",
                "rnacentral_active_seq_id_90_cov_80_linclust.fasta:md5,d41d8cd98f00b204e9800998ecf8427e",
                "bfd-first_non_consensus_sequences.fasta:md5,d41d8cd98f00b204e9800998ecf8427e",
                "uniprot_all_2021_04.fa:md5,d41d8cd98f00b204e9800998ecf8427e",
                "uniref90_2022_05.fa:md5,d41d8cd98f00b204e9800998ecf8427e",
                "T1024_alphafold3_msa.tsv:md5,d41d8cd98f00b204e9800998ecf8427e",
                "T1024_chainwise_ipsae.tsv:md5,d41d8cd98f00b204e9800998ecf8427e",
                "T1024_chainwise_iptm.tsv:md5,d41d8cd98f00b204e9800998ecf8427e",
                "T1024_data.json:md5,d41d8cd98f00b204e9800998ecf8427e",
                "T1024_ipsae.tsv:md5,d41d8cd98f00b204e9800998ecf8427e",
                "T1024_iptm.tsv:md5,d41d8cd98f00b204e9800998ecf8427e",
                "T1024_plddt.tsv:md5,d41d8cd98f00b204e9800998ecf8427e",
                "T1024_ptm.tsv:md5,d41d8cd98f00b204e9800998ecf8427e",
                "T1024_0_pae.tsv:md5,d41d8cd98f00b204e9800998ecf8427e",
                "T1026_alphafold3_msa.tsv:md5,d41d8cd98f00b204e9800998ecf8427e",
                "T1026_chainwise_ipsae.tsv:md5,d41d8cd98f00b204e9800998ecf8427e",
                "T1026_chainwise_iptm.tsv:md5,d41d8cd98f00b204e9800998ecf8427e",
                "T1026_data.json:md5,d41d8cd98f00b204e9800998ecf8427e",
                "T1026_ipsae.tsv:md5,d41d8cd98f00b204e9800998ecf8427e",
                "T1026_iptm.tsv:md5,d41d8cd98f00b204e9800998ecf8427e",
                "T1026_plddt.tsv:md5,d41d8cd98f00b204e9800998ecf8427e",
                "T1026_ptm.tsv:md5,d41d8cd98f00b204e9800998ecf8427e",
                "T1026_0_pae.tsv:md5,d41d8cd98f00b204e9800998ecf8427e",
                "T1024.cif:md5,d41d8cd98f00b204e9800998ecf8427e",
                "T1026.cif:md5,d41d8cd98f00b204e9800998ecf8427e",
                "stub.cif:md5,d41d8cd98f00b204e9800998ecf8427e",
                "T1024.json:md5,d41d8cd98f00b204e9800998ecf8427e",
                "T1026.json:md5,d41d8cd98f00b204e9800998ecf8427e",
                ".stub:md5,d41d8cd98f00b204e9800998ecf8427e",
                ".stub:md5,d41d8cd98f00b204e9800998ecf8427e",
                "T1024_alphafold3_report.html:md5,d41d8cd98f00b204e9800998ecf8427e",
                "T1026_alphafold3_report.html:md5,d41d8cd98f00b204e9800998ecf8427e"
            ]
        ],
        "timestamp": "2026-09-22T16:38:01.291309068",
        "meta": {
            "nf-test": "0.9.5",
            "nextflow": "26.04.6"
        }
    }
}