{
    "dummy inputs produce modelcif with associated PAE": {
        "content": [
            [
                "versions.yml:md5,9fac9ff23756b3e08a2e0377f4ca49ae"
            ]
        ],
        "timestamp": "2026-05-25T12:11:37.595172755",
        "meta": {
            "nf-test": "0.9.5",
            "nextflow": "26.04.2"
        }
    },
    "dummy inputs produce modelcif with embedded PAE": {
        "content": [
            [
                "versions.yml:md5,9fac9ff23756b3e08a2e0377f4ca49ae"
            ]
        ],
        "timestamp": "2026-05-25T12:11:43.541901356",
        "meta": {
            "nf-test": "0.9.5",
            "nextflow": "26.04.2"
        }
    },
    "dummy inputs produce binaryCIF": {
        "content": [
            [
                "versions.yml:md5,9fac9ff23756b3e08a2e0377f4ca49ae"
            ]
        ],
        "timestamp": "2026-05-25T12:11:49.546342877",
        "meta": {
            "nf-test": "0.9.5",
            "nextflow": "26.04.2"
        }
    }
}