{
    "-profile test_colabfold_local": {
        "content": [
            9,
            {
                "COLABFOLD_BATCH": {
                    "alphafold_colabfold": "unknown",
                    "colabfold_batch": "unknown"
                },
                "GENERATE_REPORT": {
                    "python": "3.10.8",
                    "generate_report.py": "Python 3.10.8"
                },
                "MMSEQS_COLABFOLDSEARCH": {
                    "colabfold_search": "unknown",
                    "mmseqs": null
                },
                "MULTIFASTA_TO_CSV": {
                    "sed": 4.5
                },
                "Workflow": {
                    "nf-core/proteinfold": "v2.1.0dev"
                }
            },
            [
                "colabfold",
                "colabfold/T1024",
                "colabfold/T1024/T1024_colabfold_msa.tsv",
                "colabfold/T1024/T1024_iptm.tsv",
                "colabfold/T1024/T1024_plddt.tsv",
                "colabfold/T1024/T1024_ptm.tsv",
                "colabfold/T1024/paes",
                "colabfold/T1024/paes/T1024_0_pae.tsv",
                "colabfold/T1026",
                "colabfold/T1026/T1026_colabfold_msa.tsv",
                "colabfold/T1026/T1026_iptm.tsv",
                "colabfold/T1026/T1026_plddt.tsv",
                "colabfold/T1026/T1026_ptm.tsv",
                "colabfold/T1026/paes",
                "colabfold/T1026/paes/T1026_0_pae.tsv",
                "colabfold/top_ranked_structures",
                "colabfold/top_ranked_structures/T1024.pdb",
                "colabfold/top_ranked_structures/T1026.pdb",
                "multifasta",
                "multifasta/input.csv",
                "multiqc",
                "multiqc/multiqc_data",
                "multiqc/multiqc_plots",
                "multiqc/multiqc_report.html",
                "pipeline_info",
                "pipeline_info/nf_core_proteinfold_software_mqc_versions.yml",
                "reports",
                "reports/test_alphafold2_report.html"
            ],
            [
                "T1024_colabfold_msa.tsv:md5,d41d8cd98f00b204e9800998ecf8427e",
                "T1024_iptm.tsv:md5,d41d8cd98f00b204e9800998ecf8427e",
                "T1024_plddt.tsv:md5,d41d8cd98f00b204e9800998ecf8427e",
                "T1024_ptm.tsv:md5,d41d8cd98f00b204e9800998ecf8427e",
                "T1024_0_pae.tsv:md5,d41d8cd98f00b204e9800998ecf8427e",
                "T1026_colabfold_msa.tsv:md5,d41d8cd98f00b204e9800998ecf8427e",
                "T1026_iptm.tsv:md5,d41d8cd98f00b204e9800998ecf8427e",
                "T1026_plddt.tsv:md5,d41d8cd98f00b204e9800998ecf8427e",
                "T1026_ptm.tsv:md5,d41d8cd98f00b204e9800998ecf8427e",
                "T1026_0_pae.tsv:md5,d41d8cd98f00b204e9800998ecf8427e",
                "T1024.pdb:md5,d41d8cd98f00b204e9800998ecf8427e",
                "T1026.pdb:md5,d41d8cd98f00b204e9800998ecf8427e",
                "input.csv:md5,d41d8cd98f00b204e9800998ecf8427e",
                "test_alphafold2_report.html:md5,d41d8cd98f00b204e9800998ecf8427e"
            ]
        ],
        "timestamp": "2026-04-02T15:31:17.651387259",
        "meta": {
            "nf-test": "0.9.5",
            "nextflow": "25.10.4"
        }
    }
}