{
    "-profile test_colabfold_download": {
        "content": [
            9,
            {
                "ARIA2": {
                    "aria2": null
                },
                "COLABFOLD_BATCH": {
                    "alphafold_colabfold": "unknown",
                    "colabfold_batch": "unknown"
                },
                "GENERATE_REPORT": {
                    "python": "3.12.7",
                    "generate_report.py": "Python 3.12.7"
                },
                "MULTIFASTA_TO_CSV": {
                    "sed": 4.7
                },
                "Workflow": {
                    "nf-core/proteinfold": "v2.0.0"
                }
            },
            [
                "DBs",
                "DBs/colabfold",
                "DBs/colabfold/params",
                "DBs/colabfold/params/alphafold_params_2021-07-14",
                "colabfold",
                "colabfold/T1024",
                "colabfold/T1024/T1024_colabfold_msa.tsv",
                "colabfold/T1024/T1024_plddt.tsv",
                "colabfold/T1024/T1024_ptm.tsv",
                "colabfold/T1024/paes",
                "colabfold/T1024/paes/T1024_0_pae.tsv",
                "colabfold/T1026",
                "colabfold/T1026/T1026_colabfold_msa.tsv",
                "colabfold/T1026/T1026_plddt.tsv",
                "colabfold/T1026/T1026_ptm.tsv",
                "colabfold/T1026/paes",
                "colabfold/T1026/paes/T1026_0_pae.tsv",
                "colabfold/top_ranked_structures",
                "colabfold/top_ranked_structures/T1024.pdb",
                "colabfold/top_ranked_structures/T1026.pdb",
                "multifasta",
                "multifasta/input.csv",
                "multiqc",
                "multiqc/multiqc_data",
                "multiqc/multiqc_plots",
                "multiqc/multiqc_report.html",
                "pipeline_info",
                "pipeline_info/nf_core_proteinfold_software_mqc_versions.yml",
                "reports",
                "reports/test_alphafold2_report.html"
            ],
            [
                [
                    "file.txt:md5,d41d8cd98f00b204e9800998ecf8427e"
                ],
                "T1024_colabfold_msa.tsv:md5,d41d8cd98f00b204e9800998ecf8427e",
                "T1024_plddt.tsv:md5,d41d8cd98f00b204e9800998ecf8427e",
                "T1024_ptm.tsv:md5,d41d8cd98f00b204e9800998ecf8427e",
                "T1024_0_pae.tsv:md5,d41d8cd98f00b204e9800998ecf8427e",
                "T1026_colabfold_msa.tsv:md5,d41d8cd98f00b204e9800998ecf8427e",
                "T1026_plddt.tsv:md5,d41d8cd98f00b204e9800998ecf8427e",
                "T1026_ptm.tsv:md5,d41d8cd98f00b204e9800998ecf8427e",
                "T1026_0_pae.tsv:md5,d41d8cd98f00b204e9800998ecf8427e",
                "T1024.pdb:md5,d41d8cd98f00b204e9800998ecf8427e",
                "T1026.pdb:md5,d41d8cd98f00b204e9800998ecf8427e",
                "input.csv:md5,d41d8cd98f00b204e9800998ecf8427e",
                "test_alphafold2_report.html:md5,d41d8cd98f00b204e9800998ecf8427e"
            ]
        ],
        "meta": {
            "nf-test": "0.9.3",
            "nextflow": "25.10.4"
        },
        "timestamp": "2026-03-12T16:17:44.266981229"
    }
}