{
    "-profile test": {
        "content": [
            {
                "RUN_ALPHAFOLD2": {
                    "python": "unknown",
                    "alphafold2": "unknown",
                    "jax": "unknown",
                    "jaxlib": "unknown",
                    "numpy": "unknown",
                    "biopython": "unknown"
                },
                "Workflow": {
                    "nf-core/proteinfold": "v2.0.0"
                }
            },
            [
                "alphafold2",
                "alphafold2/standard",
                "alphafold2/standard/top_ranked_structures",
                "alphafold2/standard/top_ranked_structures/T1024.pdb",
                "alphafold2/standard/top_ranked_structures/T1026.pdb",
                "multiqc",
                "multiqc/alphafold2_multiqc_data",
                "multiqc/alphafold2_multiqc_plots",
                "multiqc/alphafold2_multiqc_report.html",
                "pipeline_info",
                "pipeline_info/nf_core_proteinfold_software_mqc_versions.yml"
            ],
            [
                "T1024.pdb:md5,d41d8cd98f00b204e9800998ecf8427e",
                "T1026.pdb:md5,d41d8cd98f00b204e9800998ecf8427e",
                "alphafold2_multiqc_report.html:md5,d41d8cd98f00b204e9800998ecf8427e"
            ]
        ],
        "meta": {
            "nf-test": "0.9.2",
            "nextflow": "25.10.4"
        },
        "timestamp": "2026-03-18T18:16:29.500787156"
    }
}