{
    "-profile test_esmfold": {
        "content": [
            5,
            {
                "GENERATE_REPORT": {
                    "python": "3.12.7",
                    "generate_report.py": "Python 3.12.7"
                },
                "RUN_ESMFOLD": {
                    "esm-fold": "1.0.3",
                    "python": "unknown",
                    "pytorch": "unknown",
                    "openfold": "unknown",
                    "numpy": "unknown",
                    "biopython": "unknown"
                },
                "Workflow": {
                    "nf-core/proteinfold": "v1.2.0dev"
                }
            },
            [
                "esmfold",
                "esmfold/T1024",
                "esmfold/T1024/T1024_plddt.tsv",
                "esmfold/T1026",
                "esmfold/T1026/T1026_plddt.tsv",
                "esmfold/top_ranked_structures",
                "esmfold/top_ranked_structures/T1024.pdb",
                "esmfold/top_ranked_structures/T1026.pdb",
                "multiqc",
                "multiqc/multiqc_data",
                "multiqc/multiqc_plots",
                "multiqc/multiqc_report.html",
                "pipeline_info",
                "pipeline_info/nf_core_proteinfold_software_mqc_versions.yml",
                "reports",
                "reports/test_alphafold2_report.html"
            ],
            [
                "T1024_plddt.tsv:md5,d41d8cd98f00b204e9800998ecf8427e",
                "T1026_plddt.tsv:md5,d41d8cd98f00b204e9800998ecf8427e",
                "T1024.pdb:md5,d41d8cd98f00b204e9800998ecf8427e",
                "T1026.pdb:md5,d41d8cd98f00b204e9800998ecf8427e",
                "test_alphafold2_report.html:md5,d41d8cd98f00b204e9800998ecf8427e"
            ]
        ],
        "meta": {
            "nf-test": "0.9.3",
            "nextflow": "25.10.2"
        },
        "timestamp": "2026-02-18T10:46:15.118458083"
    }
}