{
    "-profile test_esmfold": {
        "content": [
            5,
            {
                "GENERATE_REPORT": {
                    "python": "3.12.7",
                    "generate_report.py": "Python 3.12.7"
                },
                "RUN_ESMFOLD": {
                    "esm-fold": "1.0.3",
                    "python": "3.9.23",
                    "pytorch": "2.0.0+cu118",
                    "openfold": "1.0.0",
                    "numpy": "1.23.5",
                    "biopython": 1.85
                },
                "Workflow": {
                    "nf-core/proteinfold": "v2.1.0dev"
                }
            },
            [
                "esmfold",
                "esmfold/T1024",
                "esmfold/T1024/T1024_plddt.tsv",
                "esmfold/T1026",
                "esmfold/T1026/T1026_plddt.tsv",
                "esmfold/top_ranked_structures",
                "esmfold/top_ranked_structures/T1024.pdb",
                "esmfold/top_ranked_structures/T1026.pdb",
                "multiqc",
                "multiqc/multiqc_data",
                "multiqc/multiqc_data/.stub",
                "multiqc/multiqc_plots",
                "multiqc/multiqc_plots/.stub",
                "multiqc/multiqc_report.html",
                "pipeline_info",
                "pipeline_info/nf_core_proteinfold_software_mqc_versions.yml",
                "reports",
                "reports/T1024_esmfold_report.html",
                "reports/T1026_esmfold_report.html"
            ],
            [
                "T1024_plddt.tsv:md5,d41d8cd98f00b204e9800998ecf8427e",
                "T1026_plddt.tsv:md5,d41d8cd98f00b204e9800998ecf8427e",
                "T1024.pdb:md5,d41d8cd98f00b204e9800998ecf8427e",
                "T1026.pdb:md5,d41d8cd98f00b204e9800998ecf8427e",
                ".stub:md5,d41d8cd98f00b204e9800998ecf8427e",
                ".stub:md5,d41d8cd98f00b204e9800998ecf8427e",
                "T1024_esmfold_report.html:md5,d41d8cd98f00b204e9800998ecf8427e",
                "T1026_esmfold_report.html:md5,d41d8cd98f00b204e9800998ecf8427e"
            ]
        ],
        "timestamp": "2026-05-29T12:03:57.101911854",
        "meta": {
            "nf-test": "0.9.5",
            "nextflow": "26.04.0"
        }
    }
}