{
    "dummy modelcif": {
        "content": [
            [
                "versions.yml:md5,6c7fe1b4fa92ebfa08ca91ea33a2681f"
            ]
        ],
        "timestamp": "2026-05-18T11:45:13.63851625",
        "meta": {
            "nf-test": "0.9.5",
            "nextflow": "26.04.1"
        }
    },
    "real modelarchive file (augmented)": {
        "content": [
            [
                "versions.yml:md5,6c7fe1b4fa92ebfa08ca91ea33a2681f"
            ]
        ],
        "timestamp": "2026-05-18T11:45:21.487383239",
        "meta": {
            "nf-test": "0.9.5",
            "nextflow": "26.04.1"
        }
    }
}