{
    "dummy inputs include model software and software groups": {
        "content": [
            [
                "versions.yml:md5,9fac9ff23756b3e08a2e0377f4ca49ae"
            ]
        ],
        "timestamp": "2026-10-02T03:37:17.487+00:00",
        "meta": {
            "nf-test": "0.9.5",
            "nextflow": "25.10.4"
        }
    }
}
