{
    "RoseTTAFold-AA: BioPython structure validation": {
        "content": [
            {
                "GENERATE_REPORT": {
                    "python": "3.12.7",
                    "generate_report.py": "Python 3.12.7"
                },
                "RUN_ROSETTAFOLD_ALL_ATOM": {
                    "python": "3.12.8",
                    "rosettafold-all-atom": "unknown"
                },
                "Workflow": {
                    "nf-core/proteinfold": "v2.1.0dev"
                }
            }
        ],
        "timestamp": "2026-05-22T13:55:16.093036293",
        "meta": {
            "nf-test": "0.9.5",
            "nextflow": "26.04.2"
        }
    },
    "RoseTTAFold2NA: BioPython structure validation": {
        "content": [
            {
                "GENERATE_REPORT": {
                    "python": "3.12.7",
                    "generate_report.py": "Python 3.12.7"
                },
                "ROSETTAFOLD2NA_FASTA": {
                    "python": "$(python3 --version | sed 's/Python //g')"
                },
                "RUN_ROSETTAFOLD2NA": {
                    "python": "3.12.11",
                    "rosettafold2na": "v0.2"
                },
                "Workflow": {
                    "nf-core/proteinfold": "v2.1.0dev"
                }
            }
        ],
        "timestamp": "2026-05-22T14:03:19.355437044",
        "meta": {
            "nf-test": "0.9.5",
            "nextflow": "26.04.2"
        }
    },
    "Boltz: BioPython structure validation": {
        "content": [
            {
                "BOLTZ_FASTA": {
                    "python": "3.8.3"
                },
                "BOLTZ_YAML_TO_COLABFOLD_FASTA": {
                    "python": "3.14.0"
                },
                "GENERATE_REPORT": {
                    "python": "3.12.7",
                    "generate_report.py": "Python 3.12.7"
                },
                "MMSEQS_COLABFOLDSEARCH": {
                    "colabfold_search": "1.5.5",
                    "mmseqs": "8cc5ce367b5638c4306c2d7cfc652dd099a4643f"
                },
                "RUN_BOLTZ": {
                    "boltz": "2.2.1"
                },
                "SPLIT_MSA": {
                    "python": "3.14.0"
                },
                "Workflow": {
                    "nf-core/proteinfold": "v2.1.0dev"
                }
            }
        ],
        "timestamp": "2026-05-28T15:45:28.059583051",
        "meta": {
            "nf-test": "0.9.5",
            "nextflow": "26.04.1"
        }
    },
    "HelixFold3: BioPython structure validation": {
        "content": [
            {
                "GENERATE_REPORT": {
                    "python": "3.12.7",
                    "generate_report.py": "Python 3.12.7"
                },
                "RUN_HELIXFOLD3": {
                    "python": "3.9.23",
                    "helixfold3": "705c2974a833cdc3a4420f4e3379da596091c97f",
                    "hmmer": "3.3.2",
                    "hhsuite": "3.3.0"
                },
                "Workflow": {
                    "nf-core/proteinfold": "v2.1.0dev"
                }
            }
        ],
        "timestamp": "2026-05-22T15:51:33.232154825",
        "meta": {
            "nf-test": "0.9.5",
            "nextflow": "26.04.2"
        }
    },
    "ESMFold: BioPython structure validation": {
        "content": [
            {
                "GENERATE_REPORT": {
                    "python": "3.12.7",
                    "generate_report.py": "Python 3.12.7"
                },
                "RUN_ESMFOLD": {
                    "esm-fold": "1.0.3",
                    "python": "3.9.23",
                    "pytorch": "2.0.0+cu118",
                    "openfold": "1.0.0",
                    "numpy": "1.23.5",
                    "biopython": 1.85
                },
                "Workflow": {
                    "nf-core/proteinfold": "v2.1.0dev"
                }
            }
        ],
        "timestamp": "2026-05-19T14:59:17.378071981",
        "meta": {
            "nf-test": "0.9.5",
            "nextflow": "26.04.1"
        }
    },
    "ColabFold: BioPython structure validation": {
        "content": [
            {
                "COLABFOLD_BATCH": {
                    "alphafold_colabfold": "2.3.10",
                    "colabfold_batch": "1.5.5"
                },
                "GENERATE_REPORT": {
                    "python": "3.12.7",
                    "generate_report.py": "Python 3.12.7"
                },
                "MMSEQS_COLABFOLDSEARCH": {
                    "colabfold_search": "1.5.5",
                    "mmseqs": "8cc5ce367b5638c4306c2d7cfc652dd099a4643f"
                },
                "MULTIFASTA_TO_CSV": {
                    "sed": 4.7
                },
                "Workflow": {
                    "nf-core/proteinfold": "v2.1.0dev"
                }
            }
        ],
        "timestamp": "2026-05-28T15:40:56.83446726",
        "meta": {
            "nf-test": "0.9.5",
            "nextflow": "26.04.1"
        }
    },
    "AlphaFold2: BioPython structure validation": {
        "content": [
            {
                "GENERATE_REPORT": {
                    "python": "3.12.7",
                    "generate_report.py": "Python 3.12.7"
                },
                "RUN_ALPHAFOLD2_MSA": {
                    "python": "3.11.14",
                    "alphafold2": "1b3170e9409472ec8ad044f9935c92bedd7b4674",
                    "numpy": "1.24.3",
                    "biopython": 1.79
                },
                "RUN_ALPHAFOLD2_PRED": {
                    "python": "3.11.14",
                    "alphafold2": "1b3170e9409472ec8ad044f9935c92bedd7b4674",
                    "jax": "0.4.26",
                    "jaxlib": "0.4.26",
                    "numpy": "1.24.3",
                    "biopython": 1.79
                },
                "Workflow": {
                    "nf-core/proteinfold": "v2.1.0dev"
                }
            }
        ],
        "timestamp": "2026-05-22T15:30:22.405659849",
        "meta": {
            "nf-test": "0.9.5",
            "nextflow": "26.04.2"
        }
    }
}