{
    "-profile test_split_fasta": {
        "content": [
            9,
            {
                "COLABFOLD_BATCH": {
                    "alphafold_colabfold": "unknown",
                    "colabfold_batch": "unknown"
                },
                "GENERATE_REPORT": {
                    "python": "3.10.8",
                    "generate_report.py": "Python 3.10.8"
                },
                "MMSEQS_COLABFOLDSEARCH": {
                    "colabfold_search": "unknown",
                    "mmseqs": null
                },
                "MULTIFASTA_TO_CSV": {
                    "sed": 4.5
                },
                "Workflow": {
                    "nf-core/proteinfold": "v2.1.0dev"
                }
            },
            [
                "colabfold",
                "colabfold/H1065_N4-Cytosine_Methyltransferase_Serratia_marcescens_subunit_1_127_residues",
                "colabfold/H1065_N4-Cytosine_Methyltransferase_Serratia_marcescens_subunit_1_127_residues/H1065_N4-Cytosine_Methyltransferase_Serratia_marcescens_subunit_1_127_residues_colabfold_msa.tsv",
                "colabfold/H1065_N4-Cytosine_Methyltransferase_Serratia_marcescens_subunit_1_127_residues/H1065_N4-Cytosine_Methyltransferase_Serratia_marcescens_subunit_1_127_residues_iptm.tsv",
                "colabfold/H1065_N4-Cytosine_Methyltransferase_Serratia_marcescens_subunit_1_127_residues/H1065_N4-Cytosine_Methyltransferase_Serratia_marcescens_subunit_1_127_residues_plddt.tsv",
                "colabfold/H1065_N4-Cytosine_Methyltransferase_Serratia_marcescens_subunit_1_127_residues/H1065_N4-Cytosine_Methyltransferase_Serratia_marcescens_subunit_1_127_residues_ptm.tsv",
                "colabfold/H1065_N4-Cytosine_Methyltransferase_Serratia_marcescens_subunit_1_127_residues/paes",
                "colabfold/H1065_N4-Cytosine_Methyltransferase_Serratia_marcescens_subunit_1_127_residues/paes/H1065_N4-Cytosine_Methyltransferase_Serratia_marcescens_subunit_1_127_residues_0_pae.tsv",
                "colabfold/H1065_N4-Cytosine_Methyltransferase_Serratia_marcescens_subunit_2_98_residues",
                "colabfold/H1065_N4-Cytosine_Methyltransferase_Serratia_marcescens_subunit_2_98_residues/H1065_N4-Cytosine_Methyltransferase_Serratia_marcescens_subunit_2_98_residues_colabfold_msa.tsv",
                "colabfold/H1065_N4-Cytosine_Methyltransferase_Serratia_marcescens_subunit_2_98_residues/H1065_N4-Cytosine_Methyltransferase_Serratia_marcescens_subunit_2_98_residues_iptm.tsv",
                "colabfold/H1065_N4-Cytosine_Methyltransferase_Serratia_marcescens_subunit_2_98_residues/H1065_N4-Cytosine_Methyltransferase_Serratia_marcescens_subunit_2_98_residues_plddt.tsv",
                "colabfold/H1065_N4-Cytosine_Methyltransferase_Serratia_marcescens_subunit_2_98_residues/H1065_N4-Cytosine_Methyltransferase_Serratia_marcescens_subunit_2_98_residues_ptm.tsv",
                "colabfold/H1065_N4-Cytosine_Methyltransferase_Serratia_marcescens_subunit_2_98_residues/paes",
                "colabfold/H1065_N4-Cytosine_Methyltransferase_Serratia_marcescens_subunit_2_98_residues/paes/H1065_N4-Cytosine_Methyltransferase_Serratia_marcescens_subunit_2_98_residues_0_pae.tsv",
                "colabfold/top_ranked_structures",
                "colabfold/top_ranked_structures/H1065_N4-Cytosine_Methyltransferase_Serratia_marcescens_subunit_1_127_residues.pdb",
                "colabfold/top_ranked_structures/H1065_N4-Cytosine_Methyltransferase_Serratia_marcescens_subunit_2_98_residues.pdb",
                "multifasta",
                "multifasta/input.csv",
                "multiqc",
                "multiqc/multiqc_data",
                "multiqc/multiqc_plots",
                "multiqc/multiqc_report.html",
                "pipeline_info",
                "pipeline_info/nf_core_proteinfold_software_mqc_versions.yml",
                "reports",
                "reports/test_alphafold2_report.html"
            ],
            [
                "H1065_N4-Cytosine_Methyltransferase_Serratia_marcescens_subunit_1_127_residues_colabfold_msa.tsv:md5,d41d8cd98f00b204e9800998ecf8427e",
                "H1065_N4-Cytosine_Methyltransferase_Serratia_marcescens_subunit_1_127_residues_iptm.tsv:md5,d41d8cd98f00b204e9800998ecf8427e",
                "H1065_N4-Cytosine_Methyltransferase_Serratia_marcescens_subunit_1_127_residues_plddt.tsv:md5,d41d8cd98f00b204e9800998ecf8427e",
                "H1065_N4-Cytosine_Methyltransferase_Serratia_marcescens_subunit_1_127_residues_ptm.tsv:md5,d41d8cd98f00b204e9800998ecf8427e",
                "H1065_N4-Cytosine_Methyltransferase_Serratia_marcescens_subunit_1_127_residues_0_pae.tsv:md5,d41d8cd98f00b204e9800998ecf8427e",
                "H1065_N4-Cytosine_Methyltransferase_Serratia_marcescens_subunit_2_98_residues_colabfold_msa.tsv:md5,d41d8cd98f00b204e9800998ecf8427e",
                "H1065_N4-Cytosine_Methyltransferase_Serratia_marcescens_subunit_2_98_residues_iptm.tsv:md5,d41d8cd98f00b204e9800998ecf8427e",
                "H1065_N4-Cytosine_Methyltransferase_Serratia_marcescens_subunit_2_98_residues_plddt.tsv:md5,d41d8cd98f00b204e9800998ecf8427e",
                "H1065_N4-Cytosine_Methyltransferase_Serratia_marcescens_subunit_2_98_residues_ptm.tsv:md5,d41d8cd98f00b204e9800998ecf8427e",
                "H1065_N4-Cytosine_Methyltransferase_Serratia_marcescens_subunit_2_98_residues_0_pae.tsv:md5,d41d8cd98f00b204e9800998ecf8427e",
                "H1065_N4-Cytosine_Methyltransferase_Serratia_marcescens_subunit_1_127_residues.pdb:md5,d41d8cd98f00b204e9800998ecf8427e",
                "H1065_N4-Cytosine_Methyltransferase_Serratia_marcescens_subunit_2_98_residues.pdb:md5,d41d8cd98f00b204e9800998ecf8427e",
                "input.csv:md5,d41d8cd98f00b204e9800998ecf8427e",
                "test_alphafold2_report.html:md5,d41d8cd98f00b204e9800998ecf8427e"
            ]
        ],
        "timestamp": "2026-04-02T15:34:14.250153819",
        "meta": {
            "nf-test": "0.9.5",
            "nextflow": "25.10.4"
        }
    }
}