{
    "versions": {
        "content": [
            [
                [
                    "COLABFOLD_BATCH",
                    "alphafold_colabfold",
                    "2.3.10"
                ]
            ],
            [
                [
                    "COLABFOLD_BATCH",
                    "colabfold_batch",
                    "1.5.5"
                ]
            ]
        ],
        "timestamp": "2026-09-23T12:21:38.64256235",
        "meta": {
            "nf-test": "0.9.5",
            "nextflow": "26.04.6"
        }
    }
}
